10:54:42:763 [INFO] Connecting to simulation server at 127.0.0.1
10:54:42:773 [INFO] Connection opened.
10:54:42:774 [INFO] Loading scene config: scene_basic_drone.jsonc
10:54:44:179 [INFO] Getting the list of available topic info from the sim server...
10:54:44:191 [INFO] Successfully received topic info list.
10:54:46:192 [INFO] World object updated for the loaded scene '/Sim/SceneBasicDrone'. Note: Any previous Drone object instances may no longer be valid.
10:54:46:194 [INFO] Trajectory 'null_trajectory' imported successfully.
10:54:46:195 [INFO] Initalizing Drone 'Drone1'...
10:54:46:195 [INFO] -------------------------------------------------
10:54:46:195 [INFO] The following topics can be subscribed to for robot 'Drone1':
10:54:46:196 [INFO]     sensors["Chase"]["scene_camera"]
10:54:46:196 [INFO]     sensors["Chase"]["scene_camera_info"]
10:54:46:197 [INFO]     sensors["DownCamera"]["scene_camera"]
10:54:46:197 [INFO]     sensors["DownCamera"]["scene_camera_info"]
10:54:46:197 [INFO]     sensors["DownCamera"]["depth_camera"]
10:54:46:197 [INFO]     sensors["DownCamera"]["depth_camera_info"]
10:54:46:198 [INFO]     sensors["IMU1"]["imu_kinematics"]
10:54:46:198 [INFO]     sensors["GPS"]["gps"]
10:54:46:198 [INFO]     sensors["Barometer"]["barometer"]
10:54:46:198 [INFO]     sensors["Magnetometer"]["magnetometer"]
10:54:46:199 [INFO]     robot_info["actual_pose"]
10:54:46:199 [INFO]     robot_info["collision_info"]
10:54:46:199 [INFO]     robot_info["rotor_info"]
10:54:46:200 [INFO] -------------------------------------------------
10:54:46:200 [INFO] Drone 'Drone1' initialized for World scene '/Sim/SceneBasicDrone'
10:55:01:263 [INFO] Disconnecting from simulation server...
10:55:01:339 [INFO] Disconnected.
